
> admin-platform@0.1.0 build
> next build

鈻?Next.js 16.1.6 (Turbopack)
- Environments: .env.local

node.exe : 鈿?The "middl
eware" file convention 
is deprecated. Please u
se "proxy" instead. Lea
rn more: https://nextjs
.org/docs/messages/midd
leware-to-proxy
所在位置 行:1 字符: 1
+ & "C:\Program Files\n
odejs/node.exe" "C:\Use
rs\Zechen Yang\AppData\
Ro ...
+ ~~~~~~~~~~~~~~~~~~~~~
~~~~~~~~~~~~~~~~~~~~~~~
~~~~~~~~~~~~~~~~~~~~~~~
~~
    + CategoryInfo     
         : NotSpecifi  
  ed: (鈿?The "middle   
 wa...leware-to-pro    
xy:String) [], Rem    o
teException
    + FullyQualifiedEr 
   rorId : NativeComm  
  andError
 
  Creating an optimized production build ...
鉁?Compiled successfully in 1995.3ms
  Running TypeScript ...
Failed to compile.

.next/dev/types/validat
or.ts:171:31
Type error: Type 'typeo
f import("C:/Users/Zech
en Yang/Desktop/\u8303\
u54A8/\u7BA1\u7406\u5E7
3\u53F0/src/app/api/cus
tomers/[id]/churn/route
")' does not satisfy th
e constraint 'RouteHand
lerConfig<"/api/custome
rs/[id]/churn">'.
  Types of property 'PO
ST' are incompatible.
    Type '(request: Nex
tRequest, { params }: {
 params: { id: string; 
}; }) => Promise<NextRe
sponse<{ success: boole
an; }> | NextResponse<{
 error: any; }>>' is no
t assignable to type '(
request: NextRequest, c
ontext: { params: Promi
se<{ id: string; }>; })
 => void | Response | P
romise<void | Response>
'.
      Types of paramete
rs '__1' and 'context' 
are incompatible.
        Type '{ params:
 Promise<{ id: string; 
}>; }' is not assignabl
e to type '{ params: { 
id: string; }; }'.
          Types of prop
erty 'params' are incom
patible.
            Property 'i
d' is missing in type '
Promise<{ id: string; }
>' but required in type
 '{ id: string; }'.

[0m [90m 169 |[39m  
 type __IsExpected[33m
<[39m[33mSpecific[39
m [36mextends[39m [3
3mRouteHandlerConfig[3
9m[33m<[39m[32m"/api
/customers/[id]/churn"
[39m[33m>>[39m [33m=
[39m [33mSpecific[39
m
 [90m 170 |[39m   [3
6mconst[39m handler [
33m=[39m {} [36mas[3
9m [36mtypeof[39m [3
6mimport[39m([32m"../
../../src/app/api/custo
mers/[id]/churn/route.j
s"[39m)
[31m[1m>[22m[39m[9
0m 171 |[39m   type __
Check [33m=[39m __IsE
xpected[33m<[39m[36m
typeof[39m handler[33
m>[39m
 [90m     |[39m      
                       
  [31m[1m^[22m[39m
 [90m 172 |[39m   [9
0m// @ts-ignore[39m
 [90m 173 |[39m   typ
e __Unused [33m=[39m 
__Check
 [90m 174 |[39m }[0m
Next.js build worker ex
ited with code: 1 and s
ignal: null
